---
source: tests/test_serialize.rs
expression: report
---
[
  {
    "context": "context A",
    "attachments": [
      Location(
        file: "tests/common/snapshots.rs",
        line: 206,
        column: 10,
      ),
      "2",
      "1",
    ],
    "sources": [
      {
        "context": "context A",
        "attachments": [
          Location(
            file: "tests/common/snapshots.rs",
            line: 200,
            column: 10,
          ),
          "4",
          "3",
        ],
        "sources": [
          {
            "context": "root error",
            "attachments": [
              Location(
                file: "tests/common/mod.rs",
                line: 4,
                column: 5,
              ),
              "backtrace (1)",
              "6",
            ],
            "sources": [],
          },
        ],
      },
      {
        "context": "context A",
        "attachments": [
          Location(
            file: "tests/common/snapshots.rs",
            line: 195,
            column: 10,
          ),
          "5",
          "3",
        ],
        "sources": [
          {
            "context": "context A",
            "attachments": [
              Location(
                file: "tests/common/snapshots.rs",
                line: 193,
                column: 10,
              ),
              "7",
            ],
            "sources": [
              {
                "context": "context A",
                "attachments": [
                  Location(
                    file: "tests/common/snapshots.rs",
                    line: 184,
                    column: 34,
                  ),
                  "9",
                  "8",
                ],
                "sources": [
                  {
                    "context": "root error",
                    "attachments": [
                      Location(
                        file: "tests/common/mod.rs",
                        line: 4,
                        column: 5,
                      ),
                      "backtrace (1)",
                    ],
                    "sources": [],
                  },
                ],
              },
              {
                "context": "context A",
                "attachments": [
                  Location(
                    file: "tests/common/snapshots.rs",
                    line: 178,
                    column: 10,
                  ),
                  "13",
                  "10",
                  "16",
                  "9",
                  "8",
                ],
                "sources": [
                  {
                    "context": "root error",
                    "attachments": [
                      Location(
                        file: "tests/common/mod.rs",
                        line: 4,
                        column: 5,
                      ),
                      "backtrace (1)",
                    ],
                    "sources": [],
                  },
                ],
              },
              {
                "context": "context A",
                "attachments": [
                  Location(
                    file: "tests/common/snapshots.rs",
                    line: 164,
                    column: 10,
                  ),
                  "15",
                  "14",
                  "10",
                  "16",
                  "9",
                  "8",
                ],
                "sources": [
                  {
                    "context": "root error",
                    "attachments": [
                      Location(
                        file: "tests/common/mod.rs",
                        line: 4,
                        column: 5,
                      ),
                      "backtrace (1)",
                    ],
                    "sources": [],
                  },
                ],
              },
              {
                "context": "context A",
                "attachments": [
                  Location(
                    file: "tests/common/snapshots.rs",
                    line: 174,
                    column: 10,
                  ),
                  "11",
                  "9",
                  "8",
                ],
                "sources": [
                  {
                    "context": "root error",
                    "attachments": [
                      Location(
                        file: "tests/common/mod.rs",
                        line: 4,
                        column: 5,
                      ),
                      "backtrace (1)",
                    ],
                    "sources": [],
                  },
                ],
              },
              {
                "context": "context A",
                "attachments": [
                  Location(
                    file: "tests/common/snapshots.rs",
                    line: 170,
                    column: 10,
                  ),
                  "12",
                  "9",
                  "8",
                ],
                "sources": [
                  {
                    "context": "context A",
                    "attachments": [
                      Location(
                        file: "tests/common/snapshots.rs",
                        line: 169,
                        column: 10,
                      ),
                    ],
                    "sources": [
                      {
                        "context": "root error",
                        "attachments": [
                          Location(
                            file: "tests/common/mod.rs",
                            line: 4,
                            column: 5,
                          ),
                          "backtrace (1)",
                        ],
                        "sources": [],
                      },
                    ],
                  },
                ],
              },
            ],
          },
        ],
      },
    ],
  },
]
