---
source: tests/test_serialize.rs
expression: a
---
[
  {
    "context": "context A",
    "attachments": [
      {
        "file": "tests/test_serialize.rs",
        "line": 72,
        "column": 14
      },
      "printable C: 4"
    ],
    "sources": [
      {
        "context": "root error",
        "attachments": [
          {
            "file": "tests/common/mod.rs",
            "line": 4,
            "column": 5
          },
          "backtrace (1)",
          {
            "spans": [
              {
                "fields": [],
                "level": "INFO",
                "name": "func_b",
                "target": "test_serialize::common::snapshots",
                "module_path": "test_serialize::common::snapshots",
                "file": "tests/common/snapshots.rs",
                "line": 73,
                "type": "span"
              },
              {
                "fields": [],
                "level": "INFO",
                "name": "func_a",
                "target": "test_serialize::common::snapshots",
                "module_path": "test_serialize::common::snapshots",
                "file": "tests/common/snapshots.rs",
                "line": 78,
                "type": "span"
              }
            ]
          },
          "printable C: 1",
          "printable C: 3"
        ],
        "sources": []
      },
      {
        "context": "root error",
        "attachments": [
          {
            "file": "tests/common/mod.rs",
            "line": 4,
            "column": 5
          },
          "backtrace (1)",
          {
            "spans": [
              {
                "fields": [],
                "level": "INFO",
                "name": "func_b",
                "target": "test_serialize::common::snapshots",
                "module_path": "test_serialize::common::snapshots",
                "file": "tests/common/snapshots.rs",
                "line": 73,
                "type": "span"
              },
              {
                "fields": [],
                "level": "INFO",
                "name": "func_a",
                "target": "test_serialize::common::snapshots",
                "module_path": "test_serialize::common::snapshots",
                "file": "tests/common/snapshots.rs",
                "line": 78,
                "type": "span"
              }
            ]
          },
          "printable C: 2",
          "printable C: 3"
        ],
        "sources": []
      }
    ]
  }
]
