---
source: tests/test_debug.rs
expression: "format!(\"{report:?}\")"
---
context A
├╴ tests/common/snapshots.rs:207:10
├╴ 2
├╴ 1
│
╰┬▶ context A
 │  ├╴ tests/common/snapshots.rs:201:10
 │  ├╴ 4
 │  ├╴ 3
 │  │
 │  ╰─▶ root error
 │      ├╴ tests/common/mod.rs:4:5
 │      ╰╴ 6
 │
 ╰▶ context A
    ├╴ tests/common/snapshots.rs:196:10
    ├╴ 5
    ├╴ 3
    │
    ├─▶ context A
    │   ├╴ tests/common/snapshots.rs:194:10
    │   ╰╴ 7
    │
    ╰┬▶ context A
     │  ├╴ tests/common/snapshots.rs:185:34
     │  ├╴ 9
     │  ├╴ 8
     │  │
     │  ╰─▶ root error
     │      ╰╴ tests/common/mod.rs:4:5
     │
     ├▶ context A
     │  ├╴ tests/common/snapshots.rs:179:10
     │  ├╴ 13
     │  ├╴ 10
     │  ├╴ 16
     │  ├╴ 9
     │  ├╴ 8
     │  │
     │  ╰─▶ root error
     │      ╰╴ tests/common/mod.rs:4:5
     │
     ├▶ context A
     │  ├╴ tests/common/snapshots.rs:165:10
     │  ├╴ 15
     │  ├╴ 14
     │  ├╴ 10
     │  ├╴ 16
     │  ├╴ 9
     │  ├╴ 8
     │  │
     │  ╰─▶ root error
     │      ╰╴ tests/common/mod.rs:4:5
     │
     ├▶ context A
     │  ├╴ tests/common/snapshots.rs:175:10
     │  ├╴ 11
     │  ├╴ 9
     │  ├╴ 8
     │  │
     │  ╰─▶ root error
     │      ╰╴ tests/common/mod.rs:4:5
     │
     ╰▶ context A
        ├╴ tests/common/snapshots.rs:171:10
        ├╴ 12
        ├╴ 9
        ├╴ 8
        │
        ├─▶ context A
        │   ╰╴ tests/common/snapshots.rs:170:10
        │
        ╰─▶ root error
            ╰╴ tests/common/mod.rs:4:5
