---
source: tests/test_debug.rs
expression: "format!(\"{report:?}\")"
---
root error
<<<<<<< HEAD:packages/libs/error-stack/tests/snapshots/test_debug__full__hook.snap
├╴ at tests/common/mod.rs:4:5
├╴ backtrace (1)
├╴ span trace with 2 frames (1)
╰╴ unsigned 32bit integer
=======
├╴at tests/common.rs:4:5
├╴backtrace (1)
├╴span trace with 2 frames (1)
╰╴unsigned 32bit integer
>>>>>>> origin/main:libs/error-stack/tests/snapshots/test_debug__full__hook.snap

━━━━━━━━━━━━━━━━━━━━━━━━━━━━━━━━━━━━━━━━

backtrace no. 1
  [redacted]

span trace No. 1
  [redacted]
